Copyright (C) Microsoft Corporation. All rights reserved.

Install the latest PowerShell for new features and improvements! https://aka.ms/PSWindows

PS C:\Users\hp> docker pull alpine
Using default tag: latest
latest: Pulling from library/alpine
Digest: sha256:25109184c71bdad752c8312a8623239686a9a2071e8825f20acb8f2198c3f659
Status: Image is up to date for alpine:latest
docker.io/library/alpine:latest
PS C:\Users\hp> docker tag alpine harshitmehta2005/ ap2:v1.1
docker: 'docker tag' requires 2 arguments

Usage:  docker tag SOURCE_IMAGE[:TAG] TARGET_IMAGE[:TAG]

Run 'docker tag --help' for more information
PS C:\Users\hp> docker login                                              
Authenticating with existing credentials... [Username: harshitmehta2005]

i Info → To login with a different account, run 'docker logout' followed by 'docker login'


Login did not succeed, error: Error response from daemon: Get "https://registry-1.docker.io/v2/": tls: failed to verify certificate: x509: certificate signed by unknown authority

USING WEB-BASED LOGIN

i Info → To sign in with credentials on the command line, use 'docker login -u <username>'


Your one-time device confirmation code is: CMFK-XJJB
Press ENTER to open your browser or submit your device code here: https://login.docker.com/activate

Waiting for authentication in the browser…
Error response from daemon: Get "https://registry-1.docker.io/v2/": tls: failed to verify certificate: x509: certificate signed by unknown authority
PS C:\Users\hp> docker run -it --name b5 harshitmehta2005/ ap2:v1.1
docker: invalid reference format

Run 'docker run --help' for more information
PS C:\Users\hp> docker run -it --name a1 harshitmehta2005/ ap2:v1.1
docker: invalid reference format

Run 'docker run --help' for more information
PS C:\Users\hp> docker run -it --name a2 harshitmehta2005/ap2:v1.1 
/ # apk update 
v3.23.3-84-gbacb23b6fa2 [https://dl-cdn.alpinelinux.org/alpine/v3.23/main]
v3.23.3-85-g9c9ed52d1c6 [https://dl-cdn.alpinelinux.org/alpine/v3.23/community]
OK: 27572 distinct packages available
/ # apk add php
(1/9) Installing php84-common (8.4.17-r0)
(2/9) Installing argon2-libs (20190702-r5)
(3/9) Installing ncurses-terminfo-base (6.5_p20251123-r0)
(4/9) Installing libncursesw (6.5_p20251123-r0)
(5/9) Installing libedit (20251016.3.1-r0)
(6/9) Installing pcre2 (10.47-r0)
(7/9) Installing xz-libs (5.8.2-r0)
(8/9) Installing libxml2 (2.13.9-r0)
(9/9) Installing php84 (8.4.17-r0)
Executing busybox-1.37.0-r30.trigger
OK: 18.7 MiB in 25 packages
/ # php -y
Error in argument 1, char 2: option not found y
Usage: php [options] [-f] <file> [--] [args...]
   php [options] -r <code> [--] [args...]
   php [options] [-B <begin_code>] -R <code> [-E <end_code>] [--] [args...]
   php [options] [-B <begin_code>] -F <file> [-E <end_code>] [--] [args...]
   php [options] -S <addr>:<port> [-t docroot] [router]
   php [options] -- [args...]
   php [options] -a

  -a               Run as interactive shell (requires readline extension)
  -c <path>|<file> Look for php.ini file in this directory
  -n               No configuration (ini) files will be used
  -d foo[=bar]     Define INI entry foo with value 'bar'
  -e               Generate extended information for debugger/profiler
  -f <file>        Parse and execute <file>.
  -h               This help
  -i               PHP information
  -l               Syntax check only (lint)
  -m               Show compiled in modules
  -r <code>        Run PHP <code> without using script tags <?..?>
  -B <begin_code>  Run PHP <begin_code> before processing input lines
  -R <code>        Run PHP <code> for every input line
  -F <file>        Parse and execute <file> for every input line
  -E <end_code>    Run PHP <end_code> after processing all input lines
  -H               Hide any passed arguments from external tools.
  -S <addr>:<port> Run with built-in web server.
  -t <docroot>     Specify document root <docroot> for built-in web server.
  -s               Output HTML syntax highlighted source.
  -v               Version number
  -w               Output source with stripped comments and whitespace.
  -z <file>        Load Zend extension <file>.

  args...          Arguments passed to script. Use -- args when first argument
                   starts with - or script is read from stdin

  --ini            Show configuration file names

  --rf <name>      Show information about function <name>.
  --rc <name>      Show information about class <name>.
  --re <name>      Show information about extension <name>.
  --rz <name>      Show information about Zend extension <name>.
  --ri <name>      Show configuration for extension <name>.

/ # php -v
PHP 8.4.17 (cli) (built: Jan 20 2026 19:04:32) (NTS)
Copyright (c) The PHP Group
Built by Alpine Linux aports
Zend Engine v4.4.17, Copyright (c) Zend Technologies
/ # exit
PS C:\Users\hp> docker stop a2
a2
PS C:\Users\hp> docker rm a2
a2
PS C:\Users\hp> docker run -it --name a3 harshitmehta2005/ ap2:v1.1
docker: invalid reference format

Run 'docker run --help' for more information
PS C:\Users\hp> docker run -it --name a3 harshitmehta2005/ap2:v1.1 
/ # php -v
/bin/sh: php: not found
/ # apk update
WARNING: updating and opening https://dl-cdn.alpinelinux.org/alpine/v3.23/main/x86_64/APKINDEX.tar.gz: TLS: server certificate not trusted      
WARNING: updating and opening https://dl-cdn.alpinelinux.org/alpine/v3.23/community/x86_64/APKINDEX.tar.gz: TLS: server certificate not trusted 
2 unavailable, 0 stale; 16 distinct packages available
/ # apk add php
WARNING: updating and opening https://dl-cdn.alpinelinux.org/alpine/v3.23/main/x86_64/APKINDEX.tar.gz: TLS: server certificate not trusted      
ERROR: unable to select packages:
  so:libargon2.so.1 (no such package):
    required by: php84-8.4.17-r0[so:libargon2.so.1]
  so:libedit.so.0 (no such package):
    required by: php84-8.4.17-r0[so:libedit.so.0]
  so:libpcre2-8.so.0 (no such package):
    required by: php84-8.4.17-r0[so:libpcre2-8.so.0]
  so:libxml2.so.2 (no such package):
    required by: php84-8.4.17-r0[so:libxml2.so.2]
/ # php -v
/bin/sh: php: not found
/ # apk update
WARNING: updating and opening https://dl-cdn.alpinelinux.org/alpine/v3.23/main/x86_64/APKINDEX.tar.gz: TLS: server certificate not trusted      
v3.23.3-85-g9c9ed52d1c6 [https://dl-cdn.alpinelinux.org/alpine/v3.23/community]
1 unavailable, 0 stale; 21720 distinct packages available
/ # php -v
/bin/sh: php: not found
/ # apk add php
(1/9) Installing php84-common (8.4.17-r0)
(2/9) Installing argon2-libs (20190702-r5)
(3/9) Installing ncurses-terminfo-base (6.5_p20251123-r0)
(4/9) Installing libncursesw (6.5_p20251123-r0)
(5/9) Installing libedit (20251016.3.1-r0)
(6/9) Installing pcre2 (10.47-r0)
(7/9) Installing xz-libs (5.8.2-r0)
(8/9) Installing libxml2 (2.13.9-r0)
(9/9) Installing php84 (8.4.17-r0)
Executing busybox-1.37.0-r30.trigger
OK: 18.7 MiB in 25 packages
/ # php -v
PHP 8.4.17 (cli) (built: Jan 20 2026 19:04:32) (NTS)
Copyright (c) The PHP Group
Built by Alpine Linux aports
Zend Engine v4.4.17, Copyright (c) Zend Technologies
/ # exit
PS C:\Users\hp> docker commit a3 harshitmehta2005/ap2:v1.1
sha256:381ea5fc7b359451db9fe4dee0cbaacb42ab9b099c6570552e713cacec3e6289
PS C:\Users\hp> docker stop a3
a3
PS C:\Users\hp> docker rm a3
a3
PS C:\Users\hp> docker run -it --name a4 harshitmehta2005/ ap2:v1.1
docker: invalid reference format

Run 'docker run --help' for more information
PS C:\Users\hp> docker run -it --name a4 harshitmehta2005/ap2:v1.1 
/ # php -v
PHP 8.4.17 (cli) (built: Jan 20 2026 19:04:32) (NTS)
Copyright (c) The PHP Group
Built by Alpine Linux aports
Zend Engine v4.4.17, Copyright (c) Zend Technologies
/ # exit
PS C:\Users\hp> docker push harshitmehta2005/ap2:v1.1       
The push refers to repository [docker.io/harshitmehta2005/ap2]
80a2ac7aed95: Pushed
589002ba0eae: Mounted from library/alpine
v1.1: digest: sha256:381ea5fc7b359451db9fe4dee0cbaacb42ab9b099c6570552e713cacec3e6289 size: 748
PS C:\Users\hp> docker images
                                                                                                                            i Info →   U  In Use
IMAGE                                                                                           ID             DISK USAGE   CONTENT SIZE   EXTRA
alpine:latest                                                                                   25109184c71b       13.1MB         3.95MB    U   
docker/desktop-kubernetes:kubernetes-v1.34.1-cni-v1.7.1-critools-v1.33.0-cri-dockerd-v0.3.20-1-debian
                                                                                                12d6673564e0        591MB          184MB        
harshitmehta2005/ap2:v1.1                                                                       381ea5fc7b35       33.6MB         10.1MB    U   
httpd:latest                                                                                    dd178595edd6        177MB         47.6MB    U   
mongo:latest                                                                                    6f55a078e025       1.27GB          333MB    U   
mysql:8.0.44-debian                                                                             9a8352586030        812MB          183MB    U   
mysql:latest                                                                                    6b18d01fb632       1.25GB          266MB    U   
nginx:alpine                                                                                    b3c656d55d7a       79.8MB         22.6MB    U   
nginx:latest                                                                                    c881927c4077        240MB         65.7MB    U   
registry.k8s.io/coredns/coredns:v1.12.1                                                         e8c262566636        101MB         22.4MB        
registry.k8s.io/etcd:3.6.4-0                                                                    e36c08168342        273MB         74.3MB        
registry.k8s.io/kube-apiserver:v1.34.1                                                          b9d7c117f8ac        118MB         27.1MB        
registry.k8s.io/kube-controller-manager:v1.34.1                                                 2bf47c1b01f5        101MB         22.8MB        
registry.k8s.io/kube-proxy:v1.34.1                                                              913cc83ca0b5        102MB           26MB        
registry.k8s.io/kube-scheduler:v1.34.1                                                          6e9fbc4e25a5       73.5MB         17.4MB        
registry.k8s.io/pause:3.10                                                                      ee6521f290b2       1.06MB          318kB        
registry.k8s.io/pause:3.10.1                                                                    278fb9dbcca9       1.06MB          318kB        
ubuntu:latest                                                                                   cd1dba651b30        117MB         29.7MB    U   
PS C:\Users\hp> 

<img width="1919" height="1077" alt="Screenshot 2026-02-11 121623" src="https://github.com/user-attachments/assets/d9a72ca0-3618-42f1-8d73-d0d16fab3936" />
























